[debug] [2025-02-12T19:51:35.871Z] ----------------------------------------------------------------------
[debug] [2025-02-12T19:51:35.875Z] Command:       C:\Program Files\nodejs\node.exe C:\Users\20409566163\AppData\Roaming\npm\node_modules\firebase-tools\lib\bin\firebase.js init hosting
[debug] [2025-02-12T19:51:35.876Z] CLI Version:   13.30.0
[debug] [2025-02-12T19:51:35.876Z] Platform:      win32
[debug] [2025-02-12T19:51:35.876Z] Node Version:  v22.14.0
[debug] [2025-02-12T19:51:35.877Z] Time:          Wed Feb 12 2025 16:51:35 GMT-0300 (hora estándar de Argentina)
[debug] [2025-02-12T19:51:35.877Z] ----------------------------------------------------------------------
[debug] 
[debug] [2025-02-12T19:51:35.880Z] >>> [apiv2][query] GET https://firebase-public.firebaseio.com/cli.json [none]
[debug] [2025-02-12T19:51:35.934Z] > command requires scopes: ["email","openid","https://www.googleapis.com/auth/cloudplatformprojects.readonly","https://www.googleapis.com/auth/firebase","https://www.googleapis.com/auth/cloud-platform"]
[debug] [2025-02-12T19:51:35.934Z] > authorizing via signed-in user (martineztulliojoaquin@gmail.com)
[info] 
     ######## #### ########  ######## ########     ###     ######  ########
     ##        ##  ##     ## ##       ##     ##  ##   ##  ##       ##
     ######    ##  ########  ######   ########  #########  ######  ######
     ##        ##  ##    ##  ##       ##     ## ##     ##       ## ##
     ##       #### ##     ## ######## ########  ##     ##  ######  ########

You're about to initialize a Firebase project in this directory:

  C:\Users\20409566163\Desktop\PROYECTO CONSUL

[debug] [2025-02-12T19:51:36.569Z] <<< [apiv2][status] GET https://firebase-public.firebaseio.com/cli.json 200
[debug] [2025-02-12T19:51:36.569Z] <<< [apiv2][body] GET https://firebase-public.firebaseio.com/cli.json {"cloudBuildErrorAfter":1594252800000,"cloudBuildWarnAfter":1590019200000,"defaultNode10After":1594252800000,"minVersion":"3.0.5","node8DeploysDisabledAfter":1613390400000,"node8RuntimeDisabledAfter":1615809600000,"node8WarnAfter":1600128000000}
[info] 
=== Project Setup
[info] 
[info] First, let's associate this project directory with a Firebase project.
[info] You can create multiple project aliases by running firebase use --add, 
[info] but for now we'll just set up a default project.
[info] 
[debug] [2025-02-12T19:52:05.086Z] Checked if tokens are valid: false, expires at: 1683727417338
[debug] [2025-02-12T19:52:05.087Z] Checked if tokens are valid: false, expires at: 1683727417338
[debug] [2025-02-12T19:52:05.087Z] > refreshing access token with scopes: []
[debug] [2025-02-12T19:52:05.088Z] >>> [apiv2][query] POST https://www.googleapis.com/oauth2/v3/token [none]
[debug] [2025-02-12T19:52:05.088Z] >>> [apiv2][body] POST https://www.googleapis.com/oauth2/v3/token [omitted]
[debug] [2025-02-12T19:52:05.182Z] <<< [apiv2][status] POST https://www.googleapis.com/oauth2/v3/token 400
[debug] [2025-02-12T19:52:05.182Z] <<< [apiv2][body] POST https://www.googleapis.com/oauth2/v3/token [omitted]
[debug] [2025-02-12T19:52:05.182Z] >>> [apiv2][query] GET https://firebase.googleapis.com/v1beta1/projects pageSize=100
[debug] [2025-02-12T19:52:05.260Z] <<< [apiv2][status] GET https://firebase.googleapis.com/v1beta1/projects 401
[debug] [2025-02-12T19:52:05.260Z] <<< [apiv2][body] GET https://firebase.googleapis.com/v1beta1/projects [omitted]
[debug] [2025-02-12T19:52:05.260Z] Got a 401 Unauthenticated error for a call that required authentication. Refreshing tokens.
[debug] [2025-02-12T19:52:05.260Z] Checked if tokens are valid: false, expires at: 1683727417338
[debug] [2025-02-12T19:52:05.260Z] Checked if tokens are valid: false, expires at: 1683727417338
[debug] [2025-02-12T19:52:05.260Z] > refreshing access token with scopes: []
[debug] [2025-02-12T19:52:05.261Z] >>> [apiv2][query] POST https://www.googleapis.com/oauth2/v3/token [none]
[debug] [2025-02-12T19:52:05.261Z] >>> [apiv2][body] POST https://www.googleapis.com/oauth2/v3/token [omitted]
[debug] [2025-02-12T19:52:05.306Z] <<< [apiv2][status] POST https://www.googleapis.com/oauth2/v3/token 400
[debug] [2025-02-12T19:52:05.306Z] <<< [apiv2][body] POST https://www.googleapis.com/oauth2/v3/token [omitted]
[debug] [2025-02-12T19:52:05.307Z] Request to https://firebase.googleapis.com/v1beta1/projects?pageSize=100 had HTTP Error: 401, Request had invalid authentication credentials. Expected OAuth 2 access token, login cookie or other valid authentication credential. See https://developers.google.com/identity/sign-in/web/devconsole-project.
[debug] [2025-02-12T19:52:05.308Z] FirebaseError: Request to https://firebase.googleapis.com/v1beta1/projects?pageSize=100 had HTTP Error: 401, Request had invalid authentication credentials. Expected OAuth 2 access token, login cookie or other valid authentication credential. See https://developers.google.com/identity/sign-in/web/devconsole-project.
    at responseToError (C:\Users\20409566163\AppData\Roaming\npm\node_modules\firebase-tools\lib\responseToError.js:52:12)
    at RetryOperation._fn (C:\Users\20409566163\AppData\Roaming\npm\node_modules\firebase-tools\lib\apiv2.js:312:77)
    at process.processTicksAndRejections (node:internal/process/task_queues:105:5)
[error] 
[error] Error: Failed to list Firebase projects. See firebase-debug.log for more info.
[debug] [2025-02-12T19:52:18.396Z] ----------------------------------------------------------------------
[debug] [2025-02-12T19:52:18.399Z] Command:       C:\Program Files\nodejs\node.exe C:\Users\20409566163\AppData\Roaming\npm\node_modules\firebase-tools\lib\bin\firebase.js init hosting
[debug] [2025-02-12T19:52:18.400Z] CLI Version:   13.30.0
[debug] [2025-02-12T19:52:18.400Z] Platform:      win32
[debug] [2025-02-12T19:52:18.400Z] Node Version:  v22.14.0
[debug] [2025-02-12T19:52:18.400Z] Time:          Wed Feb 12 2025 16:52:18 GMT-0300 (hora estándar de Argentina)
[debug] [2025-02-12T19:52:18.401Z] ----------------------------------------------------------------------
[debug] 
[debug] [2025-02-12T19:52:18.407Z] > command requires scopes: ["email","openid","https://www.googleapis.com/auth/cloudplatformprojects.readonly","https://www.googleapis.com/auth/firebase","https://www.googleapis.com/auth/cloud-platform"]
[debug] [2025-02-12T19:52:18.408Z] > authorizing via signed-in user (martineztulliojoaquin@gmail.com)
[info] 
     ######## #### ########  ######## ########     ###     ######  ########
     ##        ##  ##     ## ##       ##     ##  ##   ##  ##       ##
     ######    ##  ########  ######   ########  #########  ######  ######
     ##        ##  ##    ##  ##       ##     ## ##     ##       ## ##
     ##       #### ##     ## ######## ########  ##     ##  ######  ########

You're about to initialize a Firebase project in this directory:

  C:\Users\20409566163\Desktop\PROYECTO CONSUL

[info] 
=== Project Setup
[info] 
[info] First, let's associate this project directory with a Firebase project.
[info] You can create multiple project aliases by running firebase use --add, 
[info] but for now we'll just set up a default project.
[info] 
[debug] [2025-02-12T19:52:32.625Z] Checked if tokens are valid: false, expires at: 1683727417338
[debug] [2025-02-12T19:52:32.625Z] Checked if tokens are valid: false, expires at: 1683727417338
[debug] [2025-02-12T19:52:32.626Z] > refreshing access token with scopes: []
[debug] [2025-02-12T19:52:32.627Z] >>> [apiv2][query] POST https://www.googleapis.com/oauth2/v3/token [none]
[debug] [2025-02-12T19:52:32.628Z] >>> [apiv2][body] POST https://www.googleapis.com/oauth2/v3/token [omitted]
[debug] [2025-02-12T19:52:32.797Z] <<< [apiv2][status] POST https://www.googleapis.com/oauth2/v3/token 400
[debug] [2025-02-12T19:52:32.797Z] <<< [apiv2][body] POST https://www.googleapis.com/oauth2/v3/token [omitted]
[debug] [2025-02-12T19:52:32.797Z] >>> [apiv2][query] GET https://firebase.googleapis.com/v1beta1/projects pageSize=100
[debug] [2025-02-12T19:52:32.878Z] <<< [apiv2][status] GET https://firebase.googleapis.com/v1beta1/projects 401
[debug] [2025-02-12T19:52:32.879Z] <<< [apiv2][body] GET https://firebase.googleapis.com/v1beta1/projects [omitted]
[debug] [2025-02-12T19:52:32.879Z] Got a 401 Unauthenticated error for a call that required authentication. Refreshing tokens.
[debug] [2025-02-12T19:52:32.879Z] Checked if tokens are valid: false, expires at: 1683727417338
[debug] [2025-02-12T19:52:32.879Z] Checked if tokens are valid: false, expires at: 1683727417338
[debug] [2025-02-12T19:52:32.879Z] > refreshing access token with scopes: []
[debug] [2025-02-12T19:52:32.879Z] >>> [apiv2][query] POST https://www.googleapis.com/oauth2/v3/token [none]
[debug] [2025-02-12T19:52:32.880Z] >>> [apiv2][body] POST https://www.googleapis.com/oauth2/v3/token [omitted]
[debug] [2025-02-12T19:52:32.926Z] <<< [apiv2][status] POST https://www.googleapis.com/oauth2/v3/token 400
[debug] [2025-02-12T19:52:32.926Z] <<< [apiv2][body] POST https://www.googleapis.com/oauth2/v3/token [omitted]
[debug] [2025-02-12T19:52:32.927Z] Request to https://firebase.googleapis.com/v1beta1/projects?pageSize=100 had HTTP Error: 401, Request had invalid authentication credentials. Expected OAuth 2 access token, login cookie or other valid authentication credential. See https://developers.google.com/identity/sign-in/web/devconsole-project.
[debug] [2025-02-12T19:52:32.927Z] FirebaseError: Request to https://firebase.googleapis.com/v1beta1/projects?pageSize=100 had HTTP Error: 401, Request had invalid authentication credentials. Expected OAuth 2 access token, login cookie or other valid authentication credential. See https://developers.google.com/identity/sign-in/web/devconsole-project.
    at responseToError (C:\Users\20409566163\AppData\Roaming\npm\node_modules\firebase-tools\lib\responseToError.js:52:12)
    at RetryOperation._fn (C:\Users\20409566163\AppData\Roaming\npm\node_modules\firebase-tools\lib\apiv2.js:312:77)
    at process.processTicksAndRejections (node:internal/process/task_queues:105:5)
[error] 
[error] Error: Failed to list Firebase projects. See firebase-debug.log for more info.
